// Jest Snapshot v1, https://goo.gl/fbAQLP

exports[`Map should be rendered correctly 1`] = `
<div
  style={
    Object {
      "height": "100%",
    }
  }
/>
`;
