// Jest Snapshot v1, https://goo.gl/fbAQLP

exports[`withActiveState is rendered correctly 1`] = `<div />`;
